#-----------------------------------------------------------
# Vivado v2025.1 (64-bit)
# SW Build 6140274 on Thu May 22 00:12:29 MDT 2025
# IP Build 6138677 on Thu May 22 03:10:11 MDT 2025
# SharedData Build 6139179 on Tue May 20 17:58:58 MDT 2025
# Start of session at: Tue Dec 30 23:19:13 2025
# Process ID         : 15620
# Current directory  : C:/Users/gt111/RISC_V_single_cycle/RISC_V_single_cycle.runs/synth_1
# Command line       : vivado.exe -log riscv_top.vds -product Vivado -mode batch -messageDb vivado.pb -notrace -source riscv_top.tcl
# Log file           : C:/Users/gt111/RISC_V_single_cycle/RISC_V_single_cycle.runs/synth_1/riscv_top.vds
# Journal file       : C:/Users/gt111/RISC_V_single_cycle/RISC_V_single_cycle.runs/synth_1\vivado.jou
# Running On         : Gaurav
# Platform           : Windows Server 2016 or Windows 10
# Operating System   : 26100
# Processor Detail   : 13th Gen Intel(R) Core(TM) i7-13650HX
# CPU Frequency      : 2803 MHz
# CPU Physical cores : 14
# CPU Logical cores  : 20
# Host memory        : 16873 MB
# Swap memory        : 9663 MB
# Total Virtual      : 26537 MB
# Available Virtual  : 8049 MB
#-----------------------------------------------------------
source riscv_top.tcl -notrace
